// Jest Snapshot v1, https://goo.gl/fbAQLP

exports[`ESLint configuration should exist 1`] = `
Object {
  "extends": Array [
    "plugin:jest/recommended",
    "standard",
    "standard-jsx",
  ],
  "parserOptions": Object {
    "ecmaVersion": 11,
  },
  "plugins": Array [
    "jest",
    "jsx-a11y",
    "react-hooks",
  ],
  "rules": Object {
    "no-var": "error",
    "react/jsx-uses-react": "error",
    "react/jsx-uses-vars": "error",
  },
}
`;
