// Jest Snapshot v1, https://goo.gl/fbAQLP

exports[`ESLint configuration should exist 1`] = `
Object {
  "env": Object {
    "browser": true,
    "node": true,
  },
  "extends": Array [
    "plugin:jest/recommended",
    "plugin:jsx-a11y/recommended",
    "standard",
    "standard-jsx",
  ],
  "parser": "babel-eslint",
  "parserOptions": Object {
    "ecmaVersion": 11,
  },
  "plugins": Array [
    "import",
    "jest",
    "jsx-a11y",
    "react-hooks",
  ],
  "rules": Object {
    "arrow-body-style": "error",
    "arrow-parens": Array [
      "error",
      "as-needed",
    ],
    "class-methods-use-this": "warn",
    "consistent-return": "error",
    "curly": Array [
      "error",
      "all",
    ],
    "import/dynamic-import-chunkname": "error",
    "import/newline-after-import": "error",
    "import/no-mutable-exports": "error",
    "import/order": Array [
      "error",
      Object {
        "alphabetize": Object {
          "caseInsensitive": true,
          "order": "asc",
        },
        "groups": Array [
          "builtin",
          "external",
          "internal",
          "parent",
          "sibling",
          "index",
        ],
        "newlines-between": "always",
      },
    ],
    "lines-between-class-members": "error",
    "max-statements-per-line": "error",
    "no-multiple-empty-lines": Array [
      "error",
      Object {
        "max": 1,
        "maxBOF": 0,
        "maxEOF": 0,
      },
    ],
    "no-undefined": "error",
    "no-var": "error",
    "padding-line-between-statements": Array [
      "error",
      Object {
        "blankLine": "always",
        "next": "*",
        "prev": Array [
          "block",
          "block-like",
          "class",
          "export",
        ],
      },
      Object {
        "blankLine": "always",
        "next": Array [
          "block",
          "block-like",
          "class",
          "export",
        ],
        "prev": "*",
      },
      Object {
        "blankLine": "always",
        "next": Array [
          "const",
          "let",
        ],
        "prev": "expression",
      },
    ],
    "quotes": Array [
      "error",
      "single",
      Object {
        "allowTemplateLiterals": true,
        "avoidEscape": true,
      },
    ],
    "react-hooks/exhaustive-deps": "warn",
    "react-hooks/rules-of-hooks": "error",
    "react/jsx-fragments": "off",
    "react/jsx-uses-react": "error",
    "react/jsx-uses-vars": "error",
    "require-await": "error",
    "sort-imports": Array [
      "error",
      Object {
        "ignoreCase": true,
        "ignoreDeclarationSort": true,
      },
    ],
  },
  "settings": Object {
    "react": Object {
      "version": "latest",
    },
  },
}
`;
